// Jest Snapshot v1, https://goo.gl/fbAQLP

exports[`Home page matches snapshot 1`] = `
<DocumentFragment>
  <div
    class="flex flex-col items-center justify-center min-h-screen py-2"
  >
    <main
      class="w-full flex-1 px-20"
    >
      <span
        class="mx-4"
      >
        <a
          href="/posts"
        >
          goto list
        </a>
      </span>
      <span
        class="mx-4"
      >
        <a
          href="/posts-editor"
        >
          create
        </a>
      </span>
      <h1
        class="text-6xl font-bold border-b-8"
      >
        rust-axum-async-graphql-blog
      </h1>
      <section>
        <a
          href="/posts"
        >
          list
        </a>
      </section>
    </main>
    <footer
      class="flex items-center justify-center w-full h-24 border-t"
    >
      <a
        class="flex items-center justify-center"
        href="https://vercel.com"
        rel="noopener noreferrer"
        target="_blank"
      >
        Powered by 
        <div
          style="display: inline-block; max-width: 100%; overflow: hidden; position: relative; box-sizing: border-box; margin: 0px;"
        >
          <div
            style="box-sizing: border-box; display: block; max-width: 100%;"
          >
            <img
              alt="Vercel Logo"
              aria-hidden="true"
              role="presentation"
              src="data:image/svg+xml;base64,PHN2ZyB3aWR0aD0iNzAuNzUiIGhlaWdodD0iMTYiIHhtbG5zPSJodHRwOi8vd3d3LnczLm9yZy8yMDAwL3N2ZyIgdmVyc2lvbj0iMS4xIi8+"
              style="max-width: 100%; display: block;"
            />
          </div>
          <img
            alt="Vercel Logo"
            class="h-4 ml-2"
            decoding="async"
            height="16"
            src="https://test-file-stub"
            style="position: absolute; top: 0px; left: 0px; bottom: 0px; right: 0px; box-sizing: border-box; padding: 0px; margin: auto; display: block; width: 0px; height: 0px; min-width: 100%; max-width: 100%; min-height: 100%; max-height: 100%;"
            width="70.75"
          />
        </div>
      </a>
    </footer>
  </div>
</DocumentFragment>
`;
